[nayrathemes.com/demo/html/hantus/index.html]
[nayrathemes.com/demo/html/hantus/assets/img/favicon.png]
[backblue.gif]
[fade.gif]
[index.html]
[nayrathemes.com/demo/html/hantus/index-2.html]
[nayrathemes.com/demo/html/hantus/assets/img/logo.png]
[nayrathemes.com/demo/html/hantus/services.html]
[nayrathemes.com/demo/html/hantus/portfolio-2-column.html]
[nayrathemes.com/demo/html/hantus/portfolio-3-column.html]
[nayrathemes.com/demo/html/hantus/portfolio-4-column.html]
[nayrathemes.com/demo/html/hantus/about-us.html]
[nayrathemes.com/demo/html/hantus/pricing.html]
[nayrathemes.com/demo/html/hantus/404.html]
[nayrathemes.com/demo/html/hantus/coming-soon.html]
[nayrathemes.com/demo/html/hantus/blog-left-sidebar.html]
[nayrathemes.com/demo/html/hantus/blog-right-sidebar.html]
[nayrathemes.com/demo/html/hantus/blog-full-width.html]
[nayrathemes.com/demo/html/hantus/blog-single.html]
[nayrathemes.com/demo/html/hantus/gallery.html]
[nayrathemes.com/demo/html/hantus/contact-us.html]
[nayrathemes.com/demo/html/hantus/assets/img/sliders/slider01.jpg]
[nayrathemes.com/demo/html/hantus/assets/img/sliders/slider02.jpg]
[nayrathemes.com/demo/html/hantus/assets/img/sliders/slider03.jpg]
[nayrathemes.com/demo/html/hantus/assets/img/icons/icon01.png]
[nayrathemes.com/demo/html/hantus/assets/img/icons/icon02.png]
[nayrathemes.com/demo/html/hantus/assets/img/icons/icon03.png]
[nayrathemes.com/demo/html/hantus/assets/img/service/service01.png]
[nayrathemes.com/demo/html/hantus/assets/img/service/service02.png]
[nayrathemes.com/demo/html/hantus/assets/img/service/service03.png]
[nayrathemes.com/demo/html/hantus/assets/img/service/service04.png]
[nayrathemes.com/demo/html/hantus/assets/img/portfolio/portfolio01.png]
[nayrathemes.com/demo/html/hantus/assets/img/portfolio/portfolio02.png]
[nayrathemes.com/demo/html/hantus/assets/img/portfolio/portfolio05.png]
[nayrathemes.com/demo/html/hantus/assets/img/portfolio/portfolio04.png]
[nayrathemes.com/demo/html/hantus/assets/img/portfolio/portfolio06.png]
[nayrathemes.com/demo/html/hantus/assets/img/portfolio/portfolio03.png]
[nayrathemes.com/demo/html/hantus/assets/img/portfolio/portfolio07.png]
[nayrathemes.com/demo/html/hantus/assets/img/portfolio/portfolio08.png]
[nayrathemes.com/demo/html/hantus/assets/img/feature-icon/feature-icon01.png]
[nayrathemes.com/demo/html/hantus/assets/img/feature-icon/feature-icon02.png]
[nayrathemes.com/demo/html/hantus/assets/img/feature-icon/feature-icon03.png]
[nayrathemes.com/demo/html/hantus/assets/img/feature-icon/feature-icon04.png]
[nayrathemes.com/demo/html/hantus/assets/img/pricing/pricing01.jpg]
[nayrathemes.com/demo/html/hantus/assets/img/pricing/pricing02.jpg]
[nayrathemes.com/demo/html/hantus/assets/img/pricing/pricing03.jpg]
[nayrathemes.com/demo/html/hantus/assets/img/counter/counter-icon01.png]
[nayrathemes.com/demo/html/hantus/assets/img/counter/counter-icon02.png]
[nayrathemes.com/demo/html/hantus/assets/img/counter/counter-icon03.png]
[nayrathemes.com/demo/html/hantus/assets/img/counter/counter-icon04.png]
[nayrathemes.com/demo/html/hantus/assets/img/product/product01.png]
[nayrathemes.com/demo/html/hantus/assets/img/product/product02.png]
[nayrathemes.com/demo/html/hantus/assets/img/product/product03.png]
[nayrathemes.com/demo/html/hantus/assets/img/product/product04.png]
[nayrathemes.com/demo/html/hantus/assets/img/beauticians/beauticians01.jpg]
[nayrathemes.com/demo/html/hantus/assets/img/beauticians/beauticians02.jpg]
[nayrathemes.com/demo/html/hantus/assets/img/beauticians/beauticians03.jpg]
[nayrathemes.com/demo/html/hantus/assets/img/beauticians/beauticians04.jpg]
[nayrathemes.com/demo/html/hantus/assets/img/partners/partner-1.png]
[nayrathemes.com/demo/html/hantus/assets/img/partners/partner-2.png]
[nayrathemes.com/demo/html/hantus/assets/img/partners/partner-3.png]
[nayrathemes.com/demo/html/hantus/assets/img/partners/partner-4.png]
[nayrathemes.com/demo/html/hantus/assets/img/partners/partner-5.png]
[nayrathemes.com/demo/html/hantus/assets/img/partners/partner-6.png]
[nayrathemes.com/demo/html/hantus/assets/img/section-icon.png]
[nayrathemes.com/demo/html/hantus/assets/img/instagram/instagram01.jpg]
[nayrathemes.com/demo/html/hantus/assets/img/instagram/instagram02.jpg]
[nayrathemes.com/demo/html/hantus/assets/img/instagram/instagram03.jpg]
[nayrathemes.com/demo/html/hantus/assets/img/instagram/instagram04.jpg]
[nayrathemes.com/demo/html/hantus/assets/img/instagram/instagram05.jpg]
[nayrathemes.com/demo/html/hantus/assets/img/instagram/instagram06.jpg]
[nayrathemes.com/demo/html/hantus/assets/img/payment-icon/mastercard.png]
[nayrathemes.com/demo/html/hantus/assets/img/payment-icon/shopify.png]
[nayrathemes.com/demo/html/hantus/assets/js/jquery-3.2.1.min.js]
[nayrathemes.com/demo/html/hantus/assets/js/popper.min.js]
[nayrathemes.com/demo/html/hantus/assets/js/bootstrap.min.js]
[nayrathemes.com/demo/html/hantus/assets/js/jquery.sticky.js]
[nayrathemes.com/demo/html/hantus/assets/js/owl.carousel.min.js]
[nayrathemes.com/demo/html/hantus/assets/js/jquery.shuffle.min.js]
[nayrathemes.com/demo/html/hantus/assets/js/jquery.counterup.min.js]
[nayrathemes.com/demo/html/hantus/assets/js/wow.min.js]
[nayrathemes.com/demo/html/hantus/assets/js/jquery.meanmenu.min.js]
[nayrathemes.com/demo/html/hantus/assets/js/jquery.magnific-popup.min.js]
[nayrathemes.com/demo/html/hantus/assets/js/custom.js]
[nayrathemes.com/demo/html/hantus/index.html]
[nayrathemes.com/demo/html/hantus/assets/img/bg/feature-bg.jpg]
[nayrathemes.com/demo/html/hantus/assets/img/bg/counter-bg.jpg]
[nayrathemes.com/demo/html/hantus/assets/img/bg/testimonial-bg.jpg]
[nayrathemes.com/demo/html/hantus/assets/img/testimonial/testimonial01.png]
[nayrathemes.com/demo/html/hantus/assets/img/testimonial/testimonial02.png]
[nayrathemes.com/demo/html/hantus/assets/img/testimonial/testimonial03.png]
[nayrathemes.com/demo/html/hantus/assets/img/bg/appoinmentbg.jpg]
[nayrathemes.com/demo/html/hantus/assets/img/bg/breadcrumb-bg.jpg]
[nayrathemes.com/demo/html/hantus/assets/img/about-page/wcu.jpg]
[nayrathemes.com/demo/html/hantus/assets/img/coming-soon.jpg]
[nayrathemes.com/demo/html/hantus/assets/css/style.css]
[nayrathemes.com/demo/html/hantus/assets/css/responsive.css]
[nayrathemes.com/demo/html/hantus/index-2.html]
[nayrathemes.com/demo/html/hantus/assets/img/service/service05.png]
[nayrathemes.com/demo/html/hantus/assets/img/service/service06.png]
[nayrathemes.com/demo/html/hantus/assets/img/service/service07.png]
[nayrathemes.com/demo/html/hantus/assets/img/service/service08.png]
[nayrathemes.com/demo/html/hantus/services.html]
[nayrathemes.com/demo/html/hantus/assets/img/portfolio2/portfolio2-01.jpg]
[nayrathemes.com/demo/html/hantus/assets/img/portfolio2/portfolio2-02.jpg]
[nayrathemes.com/demo/html/hantus/assets/img/portfolio2/portfolio2-03.jpg]
[nayrathemes.com/demo/html/hantus/assets/img/portfolio2/portfolio2-04.jpg]
[nayrathemes.com/demo/html/hantus/assets/img/portfolio2/portfolio2-05.jpg]
[nayrathemes.com/demo/html/hantus/assets/img/portfolio2/portfolio2-06.jpg]
[nayrathemes.com/demo/html/hantus/portfolio-2-column.html]
[nayrathemes.com/demo/html/hantus/assets/img/portfolio3/portfolio3-01.jpg]
[nayrathemes.com/demo/html/hantus/assets/img/portfolio3/portfolio3-02.jpg]
[nayrathemes.com/demo/html/hantus/assets/img/portfolio3/portfolio3-03.jpg]
[nayrathemes.com/demo/html/hantus/assets/img/portfolio3/portfolio3-04.jpg]
[nayrathemes.com/demo/html/hantus/assets/img/portfolio3/portfolio3-05.jpg]
[nayrathemes.com/demo/html/hantus/assets/img/portfolio3/portfolio3-06.jpg]
[nayrathemes.com/demo/html/hantus/assets/img/portfolio3/portfolio3-07.jpg]
[nayrathemes.com/demo/html/hantus/assets/img/portfolio3/portfolio3-08.jpg]
[nayrathemes.com/demo/html/hantus/assets/img/portfolio3/portfolio3-09.jpg]
[nayrathemes.com/demo/html/hantus/assets/img/portfolio3/portfolio3-10.jpg]
[nayrathemes.com/demo/html/hantus/assets/img/portfolio3/portfolio3-11.jpg]
[nayrathemes.com/demo/html/hantus/assets/img/portfolio3/portfolio3-12.jpg]
[nayrathemes.com/demo/html/hantus/portfolio-3-column.html]
[nayrathemes.com/demo/html/hantus/assets/img/portfolio4/portfolio4-01.jpg]
[nayrathemes.com/demo/html/hantus/assets/img/portfolio4/portfolio4-02.jpg]
[nayrathemes.com/demo/html/hantus/assets/img/portfolio4/portfolio4-03.jpg]
[nayrathemes.com/demo/html/hantus/assets/img/portfolio4/portfolio4-04.jpg]
[nayrathemes.com/demo/html/hantus/assets/img/portfolio4/portfolio4-05.jpg]
[nayrathemes.com/demo/html/hantus/assets/img/portfolio4/portfolio4-06.jpg]
[nayrathemes.com/demo/html/hantus/assets/img/portfolio4/portfolio4-07.jpg]
[nayrathemes.com/demo/html/hantus/assets/img/portfolio4/portfolio4-08.jpg]
[nayrathemes.com/demo/html/hantus/assets/img/portfolio4/portfolio4-09.jpg]
[nayrathemes.com/demo/html/hantus/assets/img/portfolio4/portfolio4-10.jpg]
[nayrathemes.com/demo/html/hantus/assets/img/portfolio4/portfolio4-11.jpg]
[nayrathemes.com/demo/html/hantus/assets/img/portfolio4/portfolio4-12.jpg]
[nayrathemes.com/demo/html/hantus/assets/img/portfolio4/portfolio4-13.jpg]
[nayrathemes.com/demo/html/hantus/assets/img/portfolio4/portfolio4-14.jpg]
[nayrathemes.com/demo/html/hantus/assets/img/portfolio4/portfolio4-15.jpg]
[nayrathemes.com/demo/html/hantus/assets/img/portfolio4/portfolio4-16.jpg]
[nayrathemes.com/demo/html/hantus/portfolio-4-column.html]
[nayrathemes.com/demo/html/hantus/assets/img/about-page/welcomeimg01.jpg]
[nayrathemes.com/demo/html/hantus/assets/img/about-page/welcomeimg02.jpg]
[nayrathemes.com/demo/html/hantus/assets/img/about-page/welcomeimg03.jpg]
[nayrathemes.com/demo/html/hantus/assets/img/about-page/play-icon.png]
[nayrathemes.com/demo/html/hantus/assets/img/partners/partner-7.png]
[nayrathemes.com/demo/html/hantus/assets/img/partners/partner-8.png]
[nayrathemes.com/demo/html/hantus/about-us.html]
[nayrathemes.com/demo/html/hantus/pricing.html]
[nayrathemes.com/demo/html/hantus/assets/img/404-image.png]
[nayrathemes.com/demo/html/hantus/404.html]
[nayrathemes.com/demo/html/hantus/assets/img/white-logo.png]
[nayrathemes.com/demo/html/hantus/assets/js/jquery.countdown.js]
[nayrathemes.com/demo/html/hantus/assets/js/particles.min.js]
[nayrathemes.com/demo/html/hantus/coming-soon.html]
[nayrathemes.com/demo/html/hantus/assets/img/blog-sidebar/blogimg01.jpg]
[nayrathemes.com/demo/html/hantus/assets/img/blog-sidebar/blogimg02.jpg]
[nayrathemes.com/demo/html/hantus/assets/img/blog-sidebar/blogimg03.jpg]
[nayrathemes.com/demo/html/hantus/assets/img/blog-sidebar/blogimg04.jpg]
[nayrathemes.com/demo/html/hantus/assets/img/blog-sidebar/blogimg05.jpg]
[nayrathemes.com/demo/html/hantus/assets/img/blog-sidebar/blogimg06.jpg]
[nayrathemes.com/demo/html/hantus/assets/img/blog-sidebar/blogimg07.jpg]
[nayrathemes.com/demo/html/hantus/assets/img/blog-sidebar/blogimg08.jpg]
[nayrathemes.com/demo/html/hantus/blog-left-sidebar.html]
[nayrathemes.com/demo/html/hantus/blog-right-sidebar.html]
[nayrathemes.com/demo/html/hantus/assets/img/full-width/fullwidth01.jpg]
[nayrathemes.com/demo/html/hantus/assets/img/full-width/fullwidth02.jpg]
[nayrathemes.com/demo/html/hantus/assets/img/full-width/fullwidth03.jpg]
[nayrathemes.com/demo/html/hantus/blog-full-width.html]
[nayrathemes.com/demo/html/hantus/assets/img/blog-sidebar/blog-full-post.jpg]
[nayrathemes.com/demo/html/hantus/assets/img/blog-sidebar/avatar01.png]
[nayrathemes.com/demo/html/hantus/assets/img/blog-sidebar/avatar02.png]
[nayrathemes.com/demo/html/hantus/assets/img/blog-sidebar/avatar03.png]
[nayrathemes.com/demo/html/hantus/blog-single.html]
[nayrathemes.com/demo/html/hantus/assets/img/gallery/gallery01.jpg]
[nayrathemes.com/demo/html/hantus/assets/img/gallery/gallery02.jpg]
[nayrathemes.com/demo/html/hantus/assets/img/gallery/gallery03.jpg]
[nayrathemes.com/demo/html/hantus/assets/img/gallery/gallery04.jpg]
[nayrathemes.com/demo/html/hantus/assets/img/gallery/gallery05.jpg]
[nayrathemes.com/demo/html/hantus/assets/img/gallery/gallery06.jpg]
[nayrathemes.com/demo/html/hantus/assets/img/gallery/gallery07.jpg]
[nayrathemes.com/demo/html/hantus/assets/img/gallery/gallery08.jpg]
[nayrathemes.com/demo/html/hantus/assets/img/gallery/gallery09.jpg]
[nayrathemes.com/demo/html/hantus/assets/img/gallery/gallery10.jpg]
[nayrathemes.com/demo/html/hantus/assets/img/gallery/gallery11.jpg]
[nayrathemes.com/demo/html/hantus/assets/img/gallery/gallery12.jpg]
[nayrathemes.com/demo/html/hantus/gallery.html]
[nayrathemes.com/demo/html/hantus/assets/js/map-script.js]
[nayrathemes.com/demo/html/hantus/contact-us.html]
[nayrathemes.com/demo/html/hantus/assets/webfonts/fa-brands-400.eot]
[nayrathemes.com/demo/html/hantus/assets/webfonts/fa-brands-400.woff2]
[nayrathemes.com/demo/html/hantus/assets/webfonts/fa-brands-400d41d.eot]
[nayrathemes.com/demo/html/hantus/assets/webfonts/fa-brands-400.woff]
[nayrathemes.com/demo/html/hantus/assets/webfonts/fa-brands-400.ttf]
[nayrathemes.com/demo/html/hantus/assets/webfonts/fa-regular-400.eot]
[nayrathemes.com/demo/html/hantus/assets/webfonts/fa-regular-400.woff2]
[nayrathemes.com/demo/html/hantus/assets/webfonts/fa-regular-400d41d.eot]
[nayrathemes.com/demo/html/hantus/assets/webfonts/fa-regular-400.woff]
[nayrathemes.com/demo/html/hantus/assets/webfonts/fa-regular-400.ttf]
[nayrathemes.com/demo/html/hantus/assets/webfonts/fa-solid-900.eot]
[nayrathemes.com/demo/html/hantus/assets/webfonts/fa-solid-900.woff2]
[nayrathemes.com/demo/html/hantus/assets/webfonts/fa-solid-900d41d.eot]
[nayrathemes.com/demo/html/hantus/assets/webfonts/fa-solid-900.woff]
[nayrathemes.com/demo/html/hantus/assets/webfonts/fa-solid-900.ttf]
[nayrathemes.com/demo/html/hantus/assets/css/fontawesome-all.min.css]
[nayrathemes.com/demo/html/hantus/assets/fonts/ElegantIcons746c.woff]
[nayrathemes.com/demo/html/hantus/assets/css/elegant-icons.min.css]
[nayrathemes.com/demo/html/hantus/assets/css/bootstrap.min.css]
[nayrathemes.com/demo/html/hantus/assets/css/meanmenu.min.css]
[nayrathemes.com/demo/html/hantus/assets/css/owl.carousel.min.css]
[nayrathemes.com/demo/html/hantus/assets/css/owl.theme.default.min.css]
[nayrathemes.com/demo/html/hantus/assets/css/animate.css]
[nayrathemes.com/demo/html/hantus/assets/css/magnific-popup.css]
[nayrathemes.com/demo/html/hantus/assets/css/typography/typograhpy.css]
[nayrathemes.com/demo/html/hantus/assets/css/colors/default.css]
[nayrathemes.com/demo/html/hantus/assets/css/widget.css]
[nayrathemes.com/demo/html/hantus/assets/webfonts/fa-brands-400.svg]
[nayrathemes.com/demo/html/hantus/assets/webfonts/fa-regular-400.svg]
[nayrathemes.com/demo/html/hantus/assets/webfonts/fa-solid-900.svg]
[nayrathemes.com/demo/html/hantus/assets/fonts/ElegantIcons746c.html]
[nayrathemes.com/demo/html/hantus/assets/fonts/ElegantIconsd41d.html]
[nayrathemes.com/demo/html/hantus/assets/fonts/ElegantIcons746c-2.html]
[nayrathemes.com/demo/html/hantus/assets/fonts/ElegantIcons746c-3.html]
[nayrathemes.com/demo/html/hantus/assets/css/owl.video.play.html]
