[themearth.com/demo/html/eventpoint/view/index-gradient.html]
[backblue.gif]
[fade.gif]
[index.html]
[themearth.com/demo/html/eventpoint/view/assets/img/twittercardimg/twittercard-280-150.jpg]
[themearth.com/demo/html/eventpoint/view/assets/img/opengraph/fbphoto.jpg]
[themearth.com/demo/html/eventpoint/view/assets/img/favicon.ico]
[themearth.com/demo/html/eventpoint/view/assets/img/favicon/apple-icon-57x57.png]
[themearth.com/demo/html/eventpoint/view/assets/img/favicon/apple-icon-60x60.png]
[themearth.com/demo/html/eventpoint/view/assets/img/favicon/apple-icon-72x72.png]
[themearth.com/demo/html/eventpoint/view/assets/img/favicon/apple-icon-76x76.png]
[themearth.com/demo/html/eventpoint/view/assets/img/favicon/apple-icon-114x114.png]
[themearth.com/demo/html/eventpoint/view/assets/img/favicon/apple-icon-120x120.png]
[themearth.com/demo/html/eventpoint/view/assets/img/favicon/apple-icon-144x144.png]
[themearth.com/demo/html/eventpoint/view/assets/img/favicon/apple-icon-152x152.png]
[themearth.com/demo/html/eventpoint/view/assets/img/favicon/apple-icon-180x180.png]
[themearth.com/demo/html/eventpoint/view/assets/img/favicon/android-icon-192x192.png]
[themearth.com/demo/html/eventpoint/view/assets/img/favicon/favicon-32x32.png]
[themearth.com/demo/html/eventpoint/view/assets/img/favicon/favicon-96x96.png]
[themearth.com/demo/html/eventpoint/view/assets/img/favicon/favicon-16x16.png]
[themearth.com/demo/html/eventpoint/view/assets/img/favicon/manifest.json]
[themearth.com/demo/html/eventpoint/view/assets/libs/bootstrap/css/bootstrap.min.css]
[themearth.com/demo/html/eventpoint/view/assets/libs/fontawesome/css/font-awesome.min.css]
[themearth.com/demo/html/eventpoint/view/assets/libs/maginificpopup/magnific-popup.css]
[themearth.com/demo/html/eventpoint/view/assets/libs/timer/TimeCircles.css]
[themearth.com/demo/html/eventpoint/view/assets/libs/owlcarousel/owl.carousel.min.css]
[themearth.com/demo/html/eventpoint/view/assets/libs/owlcarousel/owl.theme.default.min.css]
[themearth.com/demo/html/eventpoint/view/assets/libs/animate/animate.css]
[themearth.com/demo/html/eventpoint/view/assets/css/style-default.min.css]
[themearth.com/demo/html/eventpoint/view/assets/js/vendor/modernizr-2.8.3.min.js]
[themearth.com/demo/html/eventpoint/view/index.html]
[themearth.com/demo/html/eventpoint/view/assets/img/logo.png]
[themearth.com/demo/html/eventpoint/view/index-banner.html]
[themearth.com/demo/html/eventpoint/view/index-typed.html]
[themearth.com/demo/html/eventpoint/view/index-slider.html]
[themearth.com/demo/html/eventpoint/view/index-contentslider.html]
[themearth.com/demo/html/eventpoint/view/blog-list.html]
[themearth.com/demo/html/eventpoint/view/blog-single.html]
[themearth.com/demo/html/eventpoint/view/speakers-list.html]
[themearth.com/demo/html/eventpoint/view/speaker-single.html]
[themearth.com/demo/html/eventpoint/view/sponsors-list.html]
[themearth.com/demo/html/eventpoint/view/gallery.html]
[themearth.com/demo/html/eventpoint/view/contact.html]
[themearth.com/demo/html/eventpoint/view/assets/img/play.png]
[themearth.com/demo/html/eventpoint/view/assets/img/speakers/speaker1.jpg]
[themearth.com/demo/html/eventpoint/view/assets/img/speakers/speaker2.jpg]
[themearth.com/demo/html/eventpoint/view/assets/img/speakers/speaker3.jpg]
[themearth.com/demo/html/eventpoint/view/assets/img/speakers/speaker5.jpg]
[themearth.com/demo/html/eventpoint/view/assets/img/speakers/speaker6.jpg]
[themearth.com/demo/html/eventpoint/view/assets/img/speakers/speaker7.jpg]
[themearth.com/demo/html/eventpoint/view/assets/img/schedule/speaker1.jpg]
[themearth.com/demo/html/eventpoint/view/assets/img/schedule/speaker2.jpg]
[themearth.com/demo/html/eventpoint/view/assets/img/schedule/speaker3.jpg]
[themearth.com/demo/html/eventpoint/view/assets/img/schedule/speaker4.jpg]
[themearth.com/demo/html/eventpoint/view/assets/img/schedule/speaker5.jpg]
[themearth.com/demo/html/eventpoint/view/assets/img/schedule/speaker6.jpg]
[themearth.com/demo/html/eventpoint/view/assets/img/schedule/speaker7.jpg]
[themearth.com/demo/html/eventpoint/view/assets/img/schedule/speaker8.jpg]
[themearth.com/demo/html/eventpoint/view/assets/img/sponsors/sponsor1.png]
[themearth.com/demo/html/eventpoint/view/assets/img/sponsors/sponsor2.png]
[themearth.com/demo/html/eventpoint/view/assets/img/sponsors/sponsor3.png]
[themearth.com/demo/html/eventpoint/view/assets/img/sponsors/sponsor4.png]
[themearth.com/demo/html/eventpoint/view/assets/img/sponsors/sponsor5.png]
[themearth.com/demo/html/eventpoint/view/assets/img/sponsors/sponsor6.png]
[themearth.com/demo/html/eventpoint/view/assets/img/sponsors/sponsor7.png]
[themearth.com/demo/html/eventpoint/view/assets/img/info-icon1.png]
[themearth.com/demo/html/eventpoint/view/assets/img/info-icon2.png]
[themearth.com/demo/html/eventpoint/view/assets/img/info-icon3.png]
[themearth.com/demo/html/eventpoint/view/assets/img/gallery/gallery1.jpg]
[themearth.com/demo/html/eventpoint/view/assets/img/gallery/gallery2.jpg]
[themearth.com/demo/html/eventpoint/view/assets/img/gallery/gallery3.jpg]
[themearth.com/demo/html/eventpoint/view/assets/img/gallery/gallery4.jpg]
[themearth.com/demo/html/eventpoint/view/assets/img/gallery/gallery5.jpg]
[themearth.com/demo/html/eventpoint/view/assets/img/gallery/gallery6.jpg]
[themearth.com/demo/html/eventpoint/view/assets/img/gallery/gallery7.jpg]
[themearth.com/demo/html/eventpoint/view/assets/img/gallery/gallery8.jpg]
[themearth.com/demo/html/eventpoint/view/assets/img/blog-1.jpg]
[themearth.com/demo/html/eventpoint/view/assets/img/blog-2.jpg]
[themearth.com/demo/html/eventpoint/view/assets/img/testi-client.jpg]
[themearth.com/demo/html/eventpoint/view/assets/img/testi-client2.jpg]
[themearth.com/demo/html/eventpoint/view/assets/img/testi-client3.jpg]
[themearth.com/demo/html/eventpoint/view/assets/libs/bootstrap/js/bootstrap.min.js]
[themearth.com/demo/html/eventpoint/view/assets/libs/jquery.smooth-scroll.js]
[themearth.com/demo/html/eventpoint/view/assets/libs/gmap/jquery.googlemap.js]
[themearth.com/demo/html/eventpoint/view/assets/js/vendor/jquery-1.12.4.min.js]
[themearth.com/demo/html/eventpoint/view/assets/libs/jquery.validate.js]
[themearth.com/demo/html/eventpoint/view/assets/libs/maginificpopup/jquery.magnific-popup.min.js]
[themearth.com/demo/html/eventpoint/view/assets/libs/countdown.js]
[themearth.com/demo/html/eventpoint/view/assets/libs/owlcarousel/owl.carousel.min.js]
[themearth.com/demo/html/eventpoint/view/assets/libs/jquery.smooth-scroll.min.js]
[themearth.com/demo/html/eventpoint/view/assets/libs/timer/TimeCircles.js]
[themearth.com/demo/html/eventpoint/view/assets/libs/jquery.easing.min.js]
[themearth.com/demo/html/eventpoint/view/assets/libs/typed/typed.min.js]
[themearth.com/demo/html/eventpoint/view/index-gradient.html]
[themearth.com/demo/html/eventpoint/view/assets/js/custom.script.js]
[themearth.com/demo/html/eventpoint/view/switcher/js/switcherd41d.js]
[themearth.com/demo/html/eventpoint/view/assets/libs/bootstrap/fonts/glyphicons-halflings-regular.eot]
[themearth.com/demo/html/eventpoint/view/assets/libs/bootstrap/fonts/glyphicons-halflings-regulard41d.eot]
[themearth.com/demo/html/eventpoint/view/assets/libs/bootstrap/fonts/glyphicons-halflings-regular.woff2]
[themearth.com/demo/html/eventpoint/view/assets/libs/bootstrap/css/bootstrap.min.css]
[themearth.com/demo/html/eventpoint/view/assets/libs/fontawesome/fonts/fontawesome-webfont3e6e.eot]
[themearth.com/demo/html/eventpoint/view/assets/libs/bootstrap/fonts/glyphicons-halflings-regular.woff]
[themearth.com/demo/html/eventpoint/view/assets/libs/bootstrap/fonts/glyphicons-halflings-regular.ttf]
[themearth.com/demo/html/eventpoint/view/assets/libs/fontawesome/fonts/fontawesome-webfontd41d.eot]
[themearth.com/demo/html/eventpoint/view/assets/libs/fontawesome/fonts/fontawesome-webfont3e6e.woff2]
[themearth.com/demo/html/eventpoint/view/assets/libs/fontawesome/fonts/fontawesome-webfont3e6e.woff]
[themearth.com/demo/html/eventpoint/view/assets/libs/fontawesome/css/font-awesome.min.css]
[themearth.com/demo/html/eventpoint/view/assets/libs/maginificpopup/magnific-popup.css]
[themearth.com/demo/html/eventpoint/view/assets/libs/timer/TimeCircles.css]
[themearth.com/demo/html/eventpoint/view/assets/libs/fontawesome/fonts/fontawesome-webfont3e6e.ttf]
[themearth.com/demo/html/eventpoint/view/assets/libs/owlcarousel/owl.video.play.png]
[themearth.com/demo/html/eventpoint/view/assets/libs/owlcarousel/owl.carousel.min.css]
[themearth.com/demo/html/eventpoint/view/assets/libs/owlcarousel/owl.theme.default.min.css]
[themearth.com/demo/html/eventpoint/view/assets/libs/animate/animate.css]
[themearth.com/demo/html/eventpoint/view/assets/img/banner-style.png]
[themearth.com/demo/html/eventpoint/view/assets/img/slider1.jpg]
[themearth.com/demo/html/eventpoint/view/assets/img/banner-man.png]
[themearth.com/demo/html/eventpoint/view/assets/img/slider3.jpg]
[themearth.com/demo/html/eventpoint/view/assets/img/banner-style2.png]
[themearth.com/demo/html/eventpoint/view/assets/img/video-bg.jpg]
[themearth.com/demo/html/eventpoint/view/assets/img/schedule-bg-style.png]
[themearth.com/demo/html/eventpoint/view/assets/img/sponsors-bg.jpg]
[themearth.com/demo/html/eventpoint/view/assets/img/register-bg.jpg]
[themearth.com/demo/html/eventpoint/view/assets/img/register-bg-slider.jpg]
[themearth.com/demo/html/eventpoint/view/assets/img/footer-style.png]
[themearth.com/demo/html/eventpoint/view/assets/img/banner-inner.jpg]
[themearth.com/demo/html/eventpoint/view/assets/img/banner-style-inner.png]
[themearth.com/demo/html/eventpoint/view/assets/css/style-default.min.css]
[themearth.com/demo/html/eventpoint/view/index.html]
[themearth.com/demo/html/eventpoint/view/switcher/js/switcher.js]
[themearth.com/demo/html/eventpoint/view/index-banner.html]
[themearth.com/demo/html/eventpoint/view/index-typed.html]
[themearth.com/demo/html/eventpoint/view/assets/img/slider2.jpg]
[themearth.com/demo/html/eventpoint/view/index-slider.html]
[themearth.com/demo/html/eventpoint/view/sspeaker-single.79.delayed]
[themearth.com/demo/html/eventpoint/view/index-contentslider.html]
[themearth.com/demo/html/eventpoint/view/blog-list.html]
[themearth.com/demo/html/eventpoint/view/assets/img/image-alignment.jpg]
[themearth.com/demo/html/eventpoint/view/blog-single.html]
[themearth.com/demo/html/eventpoint/view/speakers-list.html]
[themearth.com/demo/html/eventpoint/view/speaker-single.html]
[themearth.com/demo/html/eventpoint/view/sponsors-list.html]
[themearth.com/demo/html/eventpoint/view/gallery.html]
[themearth.com/demo/html/eventpoint/view/contact.html]
[themearth.com/demo/html/eventpoint/view/assets/img/speakers/speaker4.jpg]
[themearth.com/demo/html/eventpoint/view/assets/libs/bootstrap/fonts/glyphicons-halflings-regular.svg]
[themearth.com/demo/html/eventpoint/view/assets/libs/fontawesome/fonts/fontawesome-webfont3e6e.svg]
[themearth.com/demo/html/eventpoint/view/assets/libs/owlcarousel/owl.video.play.html]
[themearth.com/demo/html/eventpoint/view/assets/img/banner-bg.jpg]
[themearth.com/demo/html/eventpoint/view/sspeaker-single.html]
