[ravistheme.com/pinar/html/index.html]
[backblue.gif]
[fade.gif]
[index.html]
[ravistheme.com/pinar/html/assets/css/styles.css]
[ravistheme.com/pinar/html/pages/booking.html]
[ravistheme.com/pinar/html/home-fullscreen.html]
[ravistheme.com/pinar/html/pages/about.html]
[ravistheme.com/pinar/html/pages/rooms-grid.html]
[ravistheme.com/pinar/html/pages/rooms-list.html]
[ravistheme.com/pinar/html/pages/rooms-masonry.html]
[ravistheme.com/pinar/html/pages/rooms-grid-sidebar.html]
[ravistheme.com/pinar/html/pages/rooms-details.html]
[ravistheme.com/pinar/html/pages/gallery-grid.html]
[ravistheme.com/pinar/html/pages/gallery-masonry.html]
[ravistheme.com/pinar/html/pages/gallery-fullscreen.html]
[ravistheme.com/pinar/html/pages/restaurant.html]
[ravistheme.com/pinar/html/pages/guest-book.html]
[ravistheme.com/pinar/html/pages/packages.html]
[ravistheme.com/pinar/html/pages/404.html]
[ravistheme.com/pinar/html/pages/staff.html]
[ravistheme.com/pinar/html/pages/coming-soon.html]
[ravistheme.com/pinar/html/pages/blog.html]
[ravistheme.com/pinar/html/pages/blog-details.html]
[ravistheme.com/pinar/html/pages/contact.html]
[ravistheme.com/pinar/html/pages/contact-alt.html]
[ravistheme.com/pinar/html/assets/img/slider/1.jpg]
[ravistheme.com/pinar/html/assets/img/slider/3.jpg]
[ravistheme.com/pinar/html/assets/img/slider/4.jpg]
[ravistheme.com/pinar/html/assets/img/slider/2.jpg]
[ravistheme.com/pinar/html/assets/img/rooms/1.jpg]
[ravistheme.com/pinar/html/assets/img/rooms/2.jpg]
[ravistheme.com/pinar/html/assets/img/rooms/3.jpg]
[ravistheme.com/pinar/html/assets/img/gallery/1.jpg]
[ravistheme.com/pinar/html/assets/img/gallery/2.jpg]
[ravistheme.com/pinar/html/assets/img/gallery/3.jpg]
[ravistheme.com/pinar/html/assets/img/gallery/4.jpg]
[ravistheme.com/pinar/html/assets/img/gallery/5.jpg]
[ravistheme.com/pinar/html/assets/img/gallery/6.jpg]
[ravistheme.com/pinar/html/assets/img/gallery/7.jpg]
[ravistheme.com/pinar/html/assets/img/gallery/8.jpg]
[ravistheme.com/pinar/html/assets/js/jquery.js]
[ravistheme.com/pinar/html/assets/js/owl.carousel.min.js]
[ravistheme.com/pinar/html/assets/js/isotope.pkgd.min.js]
[ravistheme.com/pinar/html/assets/js/imagesloaded.pkgd.min.js]
[ravistheme.com/pinar/html/assets/js/jquery.magnific-popup.min.js]
[ravistheme.com/pinar/html/index.html]
[ravistheme.com/pinar/html/assets/js/template.js]
[ravistheme.com/pinar/html/assets/css/fonts/bootstrap/glyphicons-halflings-regulare389.eot]
[ravistheme.com/pinar/html/assets/css/fonts/bootstrap/glyphicons-halflings-regular3f97.eot]
[ravistheme.com/pinar/html/assets/js/helper.js]
[ravistheme.com/pinar/html/assets/css/fonts/bootstrap/glyphicons-halflings-regulare389.woff2]
[ravistheme.com/pinar/html/assets/css/fonts/bootstrap/glyphicons-halflings-regulare389.woff]
[ravistheme.com/pinar/html/assets/css/fonts/bootstrap/glyphicons-halflings-regulare389.ttf]
[ravistheme.com/pinar/html/assets/css/fonts/bootstrap/glyphicons-halflings-regulare389.svg]
[ravistheme.com/pinar/html/assets/css/fonts/FontAwesome/fontawesome-webfonte0a5.eot]
[ravistheme.com/pinar/html/assets/css/fonts/FontAwesome/fontawesome-webfontd41d.eot]
[ravistheme.com/pinar/html/assets/css/fonts/FontAwesome/fontawesome-webfonte0a5.woff2]
[ravistheme.com/pinar/html/assets/css/fonts/FontAwesome/fontawesome-webfonte0a5.ttf]
[ravistheme.com/pinar/html/assets/css/fonts/FontAwesome/fontawesome-webfonte0a5.svg]
[ravistheme.com/pinar/html/assets/img/chosen-spritebf49.png]
[ravistheme.com/pinar/html/assets/img/dotted-map.png]
[ravistheme.com/pinar/html/assets/img/coming-soon.jpg]
[ravistheme.com/pinar/html/assets/css/styles.css]
[ravistheme.com/pinar/html/index-2.html]
[ravistheme.com/pinar/html/assets/img/booking-header.jpg]
[ravistheme.com/pinar/html/assets/img/rooms/grid/1.jpg]
[ravistheme.com/pinar/html/assets/img/rooms/grid/2.jpg]
[ravistheme.com/pinar/html/assets/img/rooms/grid/3.jpg]
[ravistheme.com/pinar/html/assets/img/rooms/grid/4.jpg]
[ravistheme.com/pinar/html/assets/img/rooms/grid/5.jpg]
[ravistheme.com/pinar/html/assets/img/rooms/grid/6.jpg]
[ravistheme.com/pinar/html/assets/js/bootstrap/tab.js]
[ravistheme.com/pinar/html/pages/booking.html]
[ravistheme.com/pinar/html/home-fullscreen.html]
[ravistheme.com/pinar/html/assets/img/internal-header.jpg]
[ravistheme.com/pinar/html/assets/img/welcome.jpg]
[ravistheme.com/pinar/html/assets/img/staff/1.jpg]
[ravistheme.com/pinar/html/assets/img/staff/2.jpg]
[ravistheme.com/pinar/html/assets/img/staff/3.jpg]
[ravistheme.com/pinar/html/assets/img/staff/4.jpg]
[ravistheme.com/pinar/html/assets/img/services/1.jpg]
[ravistheme.com/pinar/html/assets/img/services/4.jpg]
[ravistheme.com/pinar/html/assets/img/services/5.jpg]
[ravistheme.com/pinar/html/assets/img/services/2.jpg]
[ravistheme.com/pinar/html/assets/img/services/3.jpg]
[ravistheme.com/pinar/html/assets/img/services/6.jpg]
[ravistheme.com/pinar/html/pages/about.html]
[ravistheme.com/pinar/html/pages/rooms-grid.html]
[ravistheme.com/pinar/html/pages/rooms-list.html]
[ravistheme.com/pinar/html/assets/img/rooms/grid/1-2.jpg]
[ravistheme.com/pinar/html/assets/img/rooms/grid/3-2.jpg]
[ravistheme.com/pinar/html/assets/img/rooms/grid/5-2.jpg]
[ravistheme.com/pinar/html/pages/rooms-masonry.html]
[ravistheme.com/pinar/html/pages/rooms-grid-sidebar.html]
[ravistheme.com/pinar/html/pages/rooms-details.html]
[ravistheme.com/pinar/html/assets/img/gallery/10.jpg]
[ravistheme.com/pinar/html/assets/img/gallery/11.jpg]
[ravistheme.com/pinar/html/assets/img/gallery/12.jpg]
[ravistheme.com/pinar/html/assets/img/gallery/13.jpg]
[ravistheme.com/pinar/html/pages/gallery-grid.html]
[ravistheme.com/pinar/html/pages/gallery-masonry.html]
[ravistheme.com/pinar/html/pages/gallery-fullscreen.html]
[ravistheme.com/pinar/html/pages/restaurant.html]
[ravistheme.com/pinar/html/pages/guest-book.html]
[ravistheme.com/pinar/html/assets/img/packages/1.jpg]
[ravistheme.com/pinar/html/assets/img/packages/2.jpg]
[ravistheme.com/pinar/html/assets/img/packages/3.jpg]
[ravistheme.com/pinar/html/pages/packages.html]
[ravistheme.com/pinar/html/pages/404.html]
[ravistheme.com/pinar/html/assets/img/staff/header.jpg]
[ravistheme.com/pinar/html/assets/img/staff/6.jpg]
[ravistheme.com/pinar/html/pages/staff.html]
[ravistheme.com/pinar/html/pages/coming-soon.html]
[ravistheme.com/pinar/html/assets/img/blog/1.jpg]
[ravistheme.com/pinar/html/assets/img/blog/2.jpg]
[ravistheme.com/pinar/html/assets/img/blog/3.jpg]
[ravistheme.com/pinar/html/pages/blog.html]
[ravistheme.com/pinar/html/pages/blog-details.html]
[ravistheme.com/pinar/html/assets/img/contact-header.jpg]
[ravistheme.com/pinar/html/pages/contact.html]
[ravistheme.com/pinar/html/assets/img/marker.png]
[ravistheme.com/pinar/html/pages/contact-alt.html]
[ravistheme.com/pinar/html/assets/css/fonts/bootstrap/glyphicons-halflings-regulare389.svg]
[ravistheme.com/pinar/html/assets/css/fonts/FontAwesome/fontawesome-webfonte0a5.woff]
[ravistheme.com/pinar/html/assets/css/fonts/FontAwesome/fontawesome-webfonte0a5.svg]
[ravistheme.com/pinar/html/assets/css/AjaxLoader.html]
[ravistheme.com/pinar/html/index-2.html]
[ravistheme.com/pinar/html/assets/img/staff/5.jpg]
[ravistheme.com/pinar/html/assets/img/resaurant/header.jpg]
[ravistheme.com/pinar/html/assets/img/resaurant/1.jpg]
[ravistheme.com/pinar/html/assets/img/resaurant/3.jpg]
[ravistheme.com/pinar/html/assets/img/resaurant/4.jpg]
[ravistheme.com/pinar/html/assets/img/resaurant/great-taste.jpg]
[ravistheme.com/pinar/html/assets/img/testimonials-header.jpg]
[ravistheme.com/pinar/html/assets/img/packages/header.jpg]
[ravistheme.com/pinar/html/assets/img/gallery/9.jpg]
[ravistheme.com/pinar/html/assets/img/resaurant/2.jpg]
