[themelooks.net/demo/serviney/html/preview/index.html]
[backblue.gif]
[fade.gif]
[index.html]
[themelooks.net/demo/serviney/html/preview/favicon.png]
[themelooks.net/demo/serviney/html/preview/index-2.html]
[themelooks.net/demo/serviney/html/preview/img/logo.png]
[themelooks.net/demo/serviney/html/preview/about.html]
[themelooks.net/demo/serviney/html/preview/packages.html]
[themelooks.net/demo/serviney/html/preview/reviews.html]
[themelooks.net/demo/serviney/html/preview/faq.html]
[themelooks.net/demo/serviney/html/preview/404.html]
[themelooks.net/demo/serviney/html/preview/services.html]
[themelooks.net/demo/serviney/html/preview/cable-tv.html]
[themelooks.net/demo/serviney/html/preview/dedicated-server.html]
[themelooks.net/demo/serviney/html/preview/internet.html]
[themelooks.net/demo/serviney/html/preview/mobile.html]
[themelooks.net/demo/serviney/html/preview/blog.html]
[themelooks.net/demo/serviney/html/preview/blog-sidebar-left.html]
[themelooks.net/demo/serviney/html/preview/blog-sidebar-right.html]
[themelooks.net/demo/serviney/html/preview/blog-2-columns.html]
[themelooks.net/demo/serviney/html/preview/blog-3-columns.html]
[themelooks.net/demo/serviney/html/preview/blog-details.html]
[themelooks.net/demo/serviney/html/preview/products-2-columns.html]
[themelooks.net/demo/serviney/html/preview/products-3-columns.html]
[themelooks.net/demo/serviney/html/preview/product-details.html]
[themelooks.net/demo/serviney/html/preview/cart.html]
[themelooks.net/demo/serviney/html/preview/checkout.html]
[themelooks.net/demo/serviney/html/preview/contact.html]
[themelooks.net/demo/serviney/html/preview/img/slide1.jpg]
[themelooks.net/demo/serviney/html/preview/img/slide2.jpg]
[themelooks.net/demo/serviney/html/preview/img/number-one.png]
[themelooks.net/demo/serviney/html/preview/img/authors/female.png]
[themelooks.net/demo/serviney/html/preview/img/authors/male.png]
[themelooks.net/demo/serviney/html/preview/img/video-thumb.jpg]
[themelooks.net/demo/serviney/html/preview/img/posts/post1.jpg]
[themelooks.net/demo/serviney/html/preview/img/authors/author1.jpg]
[themelooks.net/demo/serviney/html/preview/img/posts/post2.jpg]
[themelooks.net/demo/serviney/html/preview/img/posts/post3.jpg]
[themelooks.net/demo/serviney/html/preview/img/products/product1.jpg]
[themelooks.net/demo/serviney/html/preview/img/products/product2.jpg]
[themelooks.net/demo/serviney/html/preview/img/products/product3.jpg]
[themelooks.net/demo/serviney/html/preview/img/products/product4.jpg]
[themelooks.net/demo/serviney/html/preview/img/products/product5.jpg]
[themelooks.net/demo/serviney/html/preview/img/products/product6.jpg]
[themelooks.net/demo/serviney/html/preview/img/brands/brand1.png]
[themelooks.net/demo/serviney/html/preview/img/brands/brand2.png]
[themelooks.net/demo/serviney/html/preview/img/brands/brand3.png]
[themelooks.net/demo/serviney/html/preview/img/brands/brand4.png]
[themelooks.net/demo/serviney/html/preview/img/brands/brand5.png]
[themelooks.net/demo/serviney/html/preview/img/brands/brand6.png]
[themelooks.net/demo/serviney/html/preview/js/jquery-3.3.1.min.js]
[themelooks.net/demo/serviney/html/preview/js/bootstrap.bundle.min.js]
[themelooks.net/demo/serviney/html/preview/plugins/waypoints/jquery.waypoints.min.js]
[themelooks.net/demo/serviney/html/preview/plugins/waypoints/sticky.min.js]
[themelooks.net/demo/serviney/html/preview/plugins/swiper/swiper.min.js]
[themelooks.net/demo/serviney/html/preview/plugins/magnific-popup/jquery.magnific-popup.min.js]
[themelooks.net/demo/serviney/html/preview/plugins/parsley/parsley.min.js]
[themelooks.net/demo/serviney/html/preview/plugins/color-switcher/color-switcher.js]
[themelooks.net/demo/serviney/html/preview/plugins/retinajs/retina.min.js]
[themelooks.net/demo/serviney/html/preview/plugins/isotope/isotope.pkgd.min.js]
[themelooks.net/demo/serviney/html/preview/js/menu.min.js]
[themelooks.net/demo/serviney/html/preview/js/scripts.js]
[themelooks.net/demo/serviney/html/preview/js/custom.js]
[themelooks.net/demo/serviney/html/preview/index.html]
[themelooks.net/demo/serviney/html/preview/css/bootstrap.min.css]
[themelooks.net/demo/serviney/html/preview/fonts/fontawesome-webfont3e6e.eot]
[themelooks.net/demo/serviney/html/preview/fonts/fontawesome-webfontd41d.eot]
[themelooks.net/demo/serviney/html/preview/fonts/fontawesome-webfont3e6e.woff2]
[themelooks.net/demo/serviney/html/preview/fonts/fontawesome-webfont3e6e.woff]
[themelooks.net/demo/serviney/html/preview/fonts/fontawesome-webfont3e6e.ttf]
[themelooks.net/demo/serviney/html/preview/css/font-awesome.min.css]
[themelooks.net/demo/serviney/html/preview/plugins/swiper/swiper.min.css]
[themelooks.net/demo/serviney/html/preview/plugins/magnific-popup/magnific-popup.min.css]
[themelooks.net/demo/serviney/html/preview/plugins/color-switcher/color-switcher.css]
[themelooks.net/demo/serviney/html/preview/img/icons/loading.png]
[themelooks.net/demo/serviney/html/preview/css/style.css]
[themelooks.net/demo/serviney/html/preview/css/responsive.css]
[themelooks.net/demo/serviney/html/preview/css/colors/theme-color-1.css]
[themelooks.net/demo/serviney/html/preview/css/custom.css]
[themelooks.net/demo/serviney/html/preview/index-2.html]
[themelooks.net/demo/serviney/html/preview/about.html]
[themelooks.net/demo/serviney/html/preview/packages.html]
[themelooks.net/demo/serviney/html/preview/reviews.html]
[themelooks.net/demo/serviney/html/preview/faq.html]
[themelooks.net/demo/serviney/html/preview/404.html]
[themelooks.net/demo/serviney/html/preview/services.html]
[themelooks.net/demo/serviney/html/preview/img/cable-tv.png]
[themelooks.net/demo/serviney/html/preview/img/channels/zoom.png]
[themelooks.net/demo/serviney/html/preview/img/channels/rtv.png]
[themelooks.net/demo/serviney/html/preview/img/channels/satv.png]
[themelooks.net/demo/serviney/html/preview/img/channels/sling.png]
[themelooks.net/demo/serviney/html/preview/img/channels/sm.png]
[themelooks.net/demo/serviney/html/preview/img/channels/pogo.png]
[themelooks.net/demo/serviney/html/preview/img/channels/axn.png]
[themelooks.net/demo/serviney/html/preview/img/channels/fox.png]
[themelooks.net/demo/serviney/html/preview/img/channels/cnbc.png]
[themelooks.net/demo/serviney/html/preview/img/channels/disney.png]
[themelooks.net/demo/serviney/html/preview/img/channels/hgtv.png]
[themelooks.net/demo/serviney/html/preview/img/channels/cnn.png]
[themelooks.net/demo/serviney/html/preview/img/channels/cw.png]
[themelooks.net/demo/serviney/html/preview/img/channels/tvland.png]
[themelooks.net/demo/serviney/html/preview/img/channels/global.png]
[themelooks.net/demo/serviney/html/preview/cable-tv.html]
[themelooks.net/demo/serviney/html/preview/img/dedicated-server.png]
[themelooks.net/demo/serviney/html/preview/dedicated-server.html]
[themelooks.net/demo/serviney/html/preview/img/internet.png]
[themelooks.net/demo/serviney/html/preview/internet.html]
[themelooks.net/demo/serviney/html/preview/img/phone.png]
[themelooks.net/demo/serviney/html/preview/mobile.html]
[themelooks.net/demo/serviney/html/preview/img/posts/post9-fw.jpg]
[themelooks.net/demo/serviney/html/preview/img/posts/post4-fw.jpg]
[themelooks.net/demo/serviney/html/preview/img/posts/post5-fw.jpg]
[themelooks.net/demo/serviney/html/preview/img/posts/post6-fw.jpg]
[themelooks.net/demo/serviney/html/preview/img/posts/post7-fw.jpg]
[themelooks.net/demo/serviney/html/preview/img/posts/thumb1.jpg]
[themelooks.net/demo/serviney/html/preview/img/posts/thumb2.jpg]
[themelooks.net/demo/serviney/html/preview/img/posts/thumb3.jpg]
[themelooks.net/demo/serviney/html/preview/img/add.jpg]
[themelooks.net/demo/serviney/html/preview/blog.html]
[themelooks.net/demo/serviney/html/preview/img/posts/post4.jpg]
[themelooks.net/demo/serviney/html/preview/img/posts/post5.jpg]
[themelooks.net/demo/serviney/html/preview/img/posts/post6.jpg]
[themelooks.net/demo/serviney/html/preview/img/posts/post7.jpg]
[themelooks.net/demo/serviney/html/preview/img/posts/post9.jpg]
[themelooks.net/demo/serviney/html/preview/img/posts/post10.jpg]
[themelooks.net/demo/serviney/html/preview/img/posts/post11.jpg]
[themelooks.net/demo/serviney/html/preview/img/posts/post12.jpg]
[themelooks.net/demo/serviney/html/preview/img/posts/post13.jpg]
[themelooks.net/demo/serviney/html/preview/img/posts/post14.jpg]
[themelooks.net/demo/serviney/html/preview/img/posts/post15.jpg]
[themelooks.net/demo/serviney/html/preview/blog-sidebar-left.html]
[themelooks.net/demo/serviney/html/preview/blog-sidebar-right.html]
[themelooks.net/demo/serviney/html/preview/blog-2-columns.html]
[themelooks.net/demo/serviney/html/preview/blog-3-columns.html]
[themelooks.net/demo/serviney/html/preview/img/posts/post.jpg]
[themelooks.net/demo/serviney/html/preview/img/posts/quote.jpg]
[themelooks.net/demo/serviney/html/preview/blog-details.html]
[themelooks.net/demo/serviney/html/preview/products-2-columns.html]
[themelooks.net/demo/serviney/html/preview/img/products/product7.jpg]
[themelooks.net/demo/serviney/html/preview/img/products/product8.jpg]
[themelooks.net/demo/serviney/html/preview/img/products/product9.jpg]
[themelooks.net/demo/serviney/html/preview/products-3-columns.html]
[themelooks.net/demo/serviney/html/preview/img/products/product2-square.jpg]
[themelooks.net/demo/serviney/html/preview/img/products/product1-square.jpg]
[themelooks.net/demo/serviney/html/preview/img/products/product3-square.jpg]
[themelooks.net/demo/serviney/html/preview/img/products/product4-square.jpg]
[themelooks.net/demo/serviney/html/preview/img/products/product2-thumb.jpg]
[themelooks.net/demo/serviney/html/preview/img/products/product1-thumb.jpg]
[themelooks.net/demo/serviney/html/preview/img/products/product3-thumb.jpg]
[themelooks.net/demo/serviney/html/preview/img/products/product4-thumb.jpg]
[themelooks.net/demo/serviney/html/preview/product-details.html]
[themelooks.net/demo/serviney/html/preview/img/products/cart-item1.jpg]
[themelooks.net/demo/serviney/html/preview/img/products/cart-item2.jpg]
[themelooks.net/demo/serviney/html/preview/img/products/cart-item3.jpg]
[themelooks.net/demo/serviney/html/preview/img/products/cart-item4.jpg]
[themelooks.net/demo/serviney/html/preview/cart.html]
[themelooks.net/demo/serviney/html/preview/img/payment-methods.png]
[themelooks.net/demo/serviney/html/preview/checkout.html]
[themelooks.net/demo/serviney/html/preview/contact.html]
[themelooks.net/demo/serviney/html/preview/img/icons/setup.svg]
[themelooks.net/demo/serviney/html/preview/img/icons/download.svg]
[themelooks.net/demo/serviney/html/preview/img/icons/support.svg]
[themelooks.net/demo/serviney/html/preview/img/icons/earth.svg]
[themelooks.net/demo/serviney/html/preview/img/icons/phone.svg]
[themelooks.net/demo/serviney/html/preview/img/icons/tv.svg]
[themelooks.net/demo/serviney/html/preview/img/icons/server.svg]
[themelooks.net/demo/serviney/html/preview/img/icons/ftp.svg]
[themelooks.net/demo/serviney/html/preview/img/icons/upgrade.svg]
[themelooks.net/demo/serviney/html/preview/img/icons/data.svg]
[themelooks.net/demo/serviney/html/preview/img/icons/lock.svg]
[themelooks.net/demo/serviney/html/preview/img/icons/cloud.svg]
[themelooks.net/demo/serviney/html/preview/img/icons/access.svg]
[themelooks.net/demo/serviney/html/preview/img/icons/right-arrow.svg]
[themelooks.net/demo/serviney/html/preview/img/icons/left-arrow.svg]
[themelooks.net/demo/serviney/html/preview/fonts/fontawesome-webfont3e6e.svg]
[themelooks.net/demo/serviney/html/preview/img/icons/minus.svg]
[themelooks.net/demo/serviney/html/preview/img/icons/plus.svg]
