[backblue.gif]
[fade.gif]
[index.html]
[quomodosoft.com/html/dawat/demo/img/favicon.png]
[quomodosoft.com/html/dawat/demo/js/vendor/modernizr-2.8.3.min.js]
[quomodosoft.com/html/dawat/demo/img/main_logo_black.png]
[quomodosoft.com/html/dawat/demo/img/main_logo.png]
[quomodosoft.com/html/dawat/demo/img/about/about_sign.png]
[quomodosoft.com/html/dawat/demo/img/promotions/promo_slide_1.jpg]
[quomodosoft.com/html/dawat/demo/img/promotions/promo_slide_2.jpg]
[quomodosoft.com/html/dawat/demo/img/promotions/promo_slide_3.jpg]
[quomodosoft.com/html/dawat/demo/img/menu/menu_1.jpg]
[quomodosoft.com/html/dawat/demo/img/menu/menu_2.jpg]
[quomodosoft.com/html/dawat/demo/img/menu/menu_3.jpg]
[quomodosoft.com/html/dawat/demo/img/menu/menu_4.jpg]
[quomodosoft.com/html/dawat/demo/img/menu/menu_5.jpg]
[quomodosoft.com/html/dawat/demo/img/menu/menu_6.jpg]
[quomodosoft.com/html/dawat/demo/img/team/team-1.jpg]
[quomodosoft.com/html/dawat/demo/img/team/team-2.jpg]
[quomodosoft.com/html/dawat/demo/img/team/team-3.jpg]
[quomodosoft.com/html/dawat/demo/img/team/team-4.jpg]
[quomodosoft.com/html/dawat/demo/img/team/team-5.jpg]
[quomodosoft.com/html/dawat/demo/img/blog/blog-3.jpg]
[quomodosoft.com/html/dawat/demo/img/blog/blog-1.jpg]
[quomodosoft.com/html/dawat/demo/img/blog/blog-2.jpg]
[quomodosoft.com/html/dawat/demo/js/vendor/jquery-1.12.4.min.js]
[quomodosoft.com/html/dawat/demo/js/vendor/bootstrap.min.js]
[quomodosoft.com/html/dawat/demo/js/vendor/jquery.easing.1.3.js]
[quomodosoft.com/html/dawat/demo/js/vendor/jquery-migrate-1.2.1.min.js]
[quomodosoft.com/html/dawat/demo/js/jquery.pogo-slider.js]
[quomodosoft.com/html/dawat/demo/js/owl.carousel.min.js]
[quomodosoft.com/html/dawat/demo/js/contact-form.js]
[quomodosoft.com/html/dawat/demo/js/stellar.js]
[quomodosoft.com/html/dawat/demo/js/jquery.mixitup.min.js]
[quomodosoft.com/html/dawat/demo/js/instafeed.min.js]
[quomodosoft.com/html/dawat/demo/js/datepicker.min.js]
[quomodosoft.com/html/dawat/demo/js/timepicker.min.js]
[quomodosoft.com/html/dawat/demo/js/wow.min.js]
[quomodosoft.com/html/dawat/demo/js/typed.js]
[quomodosoft.com/html/dawat/demo/js/jquery.magnific-popup.min.js]
[quomodosoft.com/html/dawat/demo/js/jquery.sticky.js]
[quomodosoft.com/html/dawat/demo/js/main.js]
[quomodosoft.com/html/dawat/demo/index-parallax.html]
[quomodosoft.com/html/dawat/demo/css/normalize.css]
[quomodosoft.com/html/dawat/demo/css/animate.css]
[quomodosoft.com/html/dawat/demo/css/pogo-slider.css]
[quomodosoft.com/html/dawat/demo/css/owl.carousel.css]
[quomodosoft.com/html/dawat/demo/css/datepicker.css]
[quomodosoft.com/html/dawat/demo/css/timepicker.min.css]
[quomodosoft.com/html/dawat/demo/css/magnific-popup.css]
[quomodosoft.com/html/dawat/demo/css/typed.css]
[quomodosoft.com/html/dawat/demo/fonts/glyphicons-halflings-regular.eot]
[quomodosoft.com/html/dawat/demo/fonts/glyphicons-halflings-regular.woff2]
[quomodosoft.com/html/dawat/demo/fonts/glyphicons-halflings-regulard41d.eot]
[quomodosoft.com/html/dawat/demo/fonts/glyphicons-halflings-regular.woff]
[quomodosoft.com/html/dawat/demo/fonts/glyphicons-halflings-regular.ttf]
[quomodosoft.com/html/dawat/demo/css/bootstrap.min.css]
[quomodosoft.com/html/dawat/demo/fonts/fontawesome-webfont3e6e.eot]
[quomodosoft.com/html/dawat/demo/fonts/fontawesome-webfontd41d.eot]
[quomodosoft.com/html/dawat/demo/fonts/fontawesome-webfont3e6e.woff2]
[quomodosoft.com/html/dawat/demo/fonts/fontawesome-webfont3e6e.woff]
[quomodosoft.com/html/dawat/demo/fonts/fontawesome-webfont3e6e.ttf]
[quomodosoft.com/html/dawat/demo/css/font-awesome.min.css]
[quomodosoft.com/html/dawat/demo/img/icons/red.png]
[quomodosoft.com/html/dawat/demo/img/icons/tri-promo-bottom-white.png]
[quomodosoft.com/html/dawat/demo/img/pattarn.png]
[quomodosoft.com/html/dawat/demo/img/about/home_three_about_bg.png]
[quomodosoft.com/html/dawat/demo/img/promotions/promotions_area_bg_1.jpg]
[quomodosoft.com/html/dawat/demo/img/promotions/promotions_area_bg_2.jpg]
[quomodosoft.com/html/dawat/demo/img/promotions/promotions_area_bg_3.jpg]
[quomodosoft.com/html/dawat/demo/img/footer_bg_2.jpg]
[quomodosoft.com/html/dawat/demo/img/blog/blog_page_barner.jpg]
[quomodosoft.com/html/dawat/demo/img/blog/blog_details_page_barner.jpg]
[quomodosoft.com/html/dawat/demo/img/slider/slide_1.jpg]
[quomodosoft.com/html/dawat/demo/style.css]
[quomodosoft.com/html/dawat/demo/css/responsive.css]
[quomodosoft.com/html/dawat/demo/img/blog/main_blog/blog_1.jpg]
[quomodosoft.com/html/dawat/demo/img/blog/main_blog/blog_2.jpg]
[quomodosoft.com/html/dawat/demo/img/blog/main_blog/blog_3.jpg]
[quomodosoft.com/html/dawat/demo/img/blog/thumb/1.jpg]
[quomodosoft.com/html/dawat/demo/img/blog/thumb/2.jpg]
[quomodosoft.com/html/dawat/demo/img/blog/thumb/3.jpg]
[quomodosoft.com/html/dawat/demo/img/blog/thumb/4.jpg]
[quomodosoft.com/html/dawat/demo/single-blog.html]
[quomodosoft.com/html/dawat/demo/img/owl.video.play.html]
[quomodosoft.com/html/dawat/demo/fonts/glyphicons-halflings-regular.svg]
[quomodosoft.com/html/dawat/demo/fonts/fontawesome-webfont3e6e.svg]
[quomodosoft.com/html/dawat/demo/img/slider/slide_2.jpg]
[quomodosoft.com/html/dawat/demo/img/slider/slide_3.jpg]
[quomodosoft.com/html/dawat/demo/index.html]
